// Jest Snapshot v1, https://goo.gl/fbAQLP

exports[`Keystore.ts getJWKS should return keys as private jwks 1`] = `
Array [
  Object {
    "alg": "ES512",
    "created": 1578790800000,
    "crv": "crv",
    "d": "d",
    "dp": "dp",
    "dq": "dq",
    "e": "e",
    "expires": 1640995200000,
    "key_ops": Array [
      "verify",
    ],
    "kid": "publicKeyExpires",
    "kty": "EC",
    "n": "n",
    "p": "p",
    "q": "q",
    "qi": "qi",
    "use": "sig",
    "x": "x",
    "y": "y",
  },
  Object {
    "alg": "RS512",
    "created": 1578618000000,
    "crv": "crv",
    "d": "d",
    "dp": "dp",
    "dq": "dq",
    "e": "e",
    "expires": undefined,
    "key_ops": Array [
      "decrypt",
      "verify",
    ],
    "kid": "publicKeyRSA",
    "kty": "RSA",
    "n": "n",
    "p": "p",
    "q": "q",
    "qi": "qi",
    "use": "sig",
    "x": "x",
    "y": "y",
  },
  Object {
    "alg": "ES512",
    "created": 1578445200000,
    "crv": "crv",
    "d": "d",
    "dp": "dp",
    "dq": "dq",
    "e": "e",
    "expires": undefined,
    "key_ops": Array [
      "verify",
    ],
    "kid": "publicKey",
    "kty": "EC",
    "n": "n",
    "p": "p",
    "q": "q",
    "qi": "qi",
    "use": "sig",
    "x": "x",
    "y": "y",
  },
  Object {
    "alg": "ES512",
    "created": 1578272400000,
    "crv": "crv",
    "d": "d",
    "dp": "dp",
    "dq": "dq",
    "e": "e",
    "expires": 1640995200000,
    "key_ops": Array [
      "sign",
      "verify",
    ],
    "kid": "privateKeyExpires",
    "kty": "EC",
    "n": "n",
    "p": "p",
    "q": "q",
    "qi": "qi",
    "use": "sig",
    "x": "x",
    "y": "y",
  },
  Object {
    "alg": "RS512",
    "created": 1578099600000,
    "crv": "crv",
    "d": "d",
    "dp": "dp",
    "dq": "dq",
    "e": "e",
    "expires": undefined,
    "key_ops": Array [
      "decrypt",
      "encrypt",
      "sign",
      "verify",
    ],
    "kid": "privateKeyRSA",
    "kty": "RSA",
    "n": "n",
    "p": "p",
    "q": "q",
    "qi": "qi",
    "use": "sig",
    "x": "x",
    "y": "y",
  },
  Object {
    "alg": "ES512",
    "created": 1577926800000,
    "crv": "crv",
    "d": "d",
    "dp": "dp",
    "dq": "dq",
    "e": "e",
    "expires": undefined,
    "key_ops": Array [
      "sign",
      "verify",
    ],
    "kid": "privateKey",
    "kty": "EC",
    "n": "n",
    "p": "p",
    "q": "q",
    "qi": "qi",
    "use": "sig",
    "x": "x",
    "y": "y",
  },
]
`;

exports[`Keystore.ts getJWKS should return keys as public jwks 1`] = `
Array [
  Object {
    "alg": "ES512",
    "created": 1578790800000,
    "crv": "crv",
    "d": "d",
    "dp": "dp",
    "dq": "dq",
    "e": "e",
    "expires": 1640995200000,
    "key_ops": Array [
      "verify",
    ],
    "kid": "publicKeyExpires",
    "kty": "EC",
    "n": "n",
    "p": "p",
    "q": "q",
    "qi": "qi",
    "use": "sig",
    "x": "x",
    "y": "y",
  },
  Object {
    "alg": "RS512",
    "created": 1578618000000,
    "crv": "crv",
    "d": "d",
    "dp": "dp",
    "dq": "dq",
    "e": "e",
    "expires": undefined,
    "key_ops": Array [
      "decrypt",
      "verify",
    ],
    "kid": "publicKeyRSA",
    "kty": "RSA",
    "n": "n",
    "p": "p",
    "q": "q",
    "qi": "qi",
    "use": "sig",
    "x": "x",
    "y": "y",
  },
  Object {
    "alg": "ES512",
    "created": 1578445200000,
    "crv": "crv",
    "d": "d",
    "dp": "dp",
    "dq": "dq",
    "e": "e",
    "expires": undefined,
    "key_ops": Array [
      "verify",
    ],
    "kid": "publicKey",
    "kty": "EC",
    "n": "n",
    "p": "p",
    "q": "q",
    "qi": "qi",
    "use": "sig",
    "x": "x",
    "y": "y",
  },
  Object {
    "alg": "ES512",
    "created": 1578272400000,
    "crv": "crv",
    "d": "d",
    "dp": "dp",
    "dq": "dq",
    "e": "e",
    "expires": 1640995200000,
    "key_ops": Array [
      "sign",
      "verify",
    ],
    "kid": "privateKeyExpires",
    "kty": "EC",
    "n": "n",
    "p": "p",
    "q": "q",
    "qi": "qi",
    "use": "sig",
    "x": "x",
    "y": "y",
  },
  Object {
    "alg": "RS512",
    "created": 1578099600000,
    "crv": "crv",
    "d": "d",
    "dp": "dp",
    "dq": "dq",
    "e": "e",
    "expires": undefined,
    "key_ops": Array [
      "decrypt",
      "encrypt",
      "sign",
      "verify",
    ],
    "kid": "privateKeyRSA",
    "kty": "RSA",
    "n": "n",
    "p": "p",
    "q": "q",
    "qi": "qi",
    "use": "sig",
    "x": "x",
    "y": "y",
  },
  Object {
    "alg": "ES512",
    "created": 1577926800000,
    "crv": "crv",
    "d": "d",
    "dp": "dp",
    "dq": "dq",
    "e": "e",
    "expires": undefined,
    "key_ops": Array [
      "sign",
      "verify",
    ],
    "kid": "privateKey",
    "kty": "EC",
    "n": "n",
    "p": "p",
    "q": "q",
    "qi": "qi",
    "use": "sig",
    "x": "x",
    "y": "y",
  },
]
`;
