// Jest Snapshot v1, https://goo.gl/fbAQLP

exports[`Keystore.ts should return keys as jwks 1`] = `
Array [
  Object {
    "alg": "RS512",
    "created": 1577876400000,
    "crv": "crv",
    "d": "d",
    "dp": "dp",
    "dq": "dq",
    "e": "e",
    "expires": undefined,
    "key_ops": Array [
      "sign",
      "verify",
    ],
    "kid": "04114c01-0685-43ce-b7a1-99721486c1f7",
    "kty": "RSA",
    "n": "n",
    "p": "p",
    "q": "q",
    "qi": "qi",
    "use": "sig",
    "x": "x",
    "y": "y",
  },
  Object {
    "alg": "RS512",
    "created": 1577872800000,
    "crv": "crv",
    "d": "d",
    "dp": "dp",
    "dq": "dq",
    "e": "e",
    "expires": 1580630400000,
    "key_ops": Array [
      "sign",
      "verify",
    ],
    "kid": "dd4ba4a2-6578-4249-8be1-415fb548c001",
    "kty": "RSA",
    "n": "n",
    "p": "p",
    "q": "q",
    "qi": "qi",
    "use": "sig",
    "x": "x",
    "y": "y",
  },
  Object {
    "alg": "ES512",
    "created": 1577869200000,
    "crv": "crv",
    "d": "d",
    "dp": "dp",
    "dq": "dq",
    "e": "e",
    "expires": 1578034800000,
    "key_ops": Array [
      "sign",
      "verify",
    ],
    "kid": "73b5f592-15db-40a1-8b09-ce835dc2afae",
    "kty": "EC",
    "n": "n",
    "p": "p",
    "q": "q",
    "qi": "qi",
    "use": "sig",
    "x": "x",
    "y": "y",
  },
]
`;
